// Vitest Snapshot v1, https://vitest.dev/guide/snapshot.html

exports[`AnimatedNumber > renders without crashing 1`] = `
<div>
  <span>
    0
  </span>
</div>
`;
